Archive member included to satisfy reference by file (symbol)

d:/st/stm32cubeide_1.7.0/stm32cubeide/plugins/com.st.stm32cube.ide.mcu.externaltools.gnu-tools-for-stm32.9-2020-q2-update.win32_2.0.0.202105311346/tools/bin/../lib/gcc/arm-none-eabi/9.3.1/../../../../arm-none-eabi/lib/thumb/v7e-m+fp/hard\libc_nano.a(lib_a-errno.o)
                              ./Src/syscalls.o (__errno)
d:/st/stm32cubeide_1.7.0/stm32cubeide/plugins/com.st.stm32cube.ide.mcu.externaltools.gnu-tools-for-stm32.9-2020-q2-update.win32_2.0.0.202105311346/tools/bin/../lib/gcc/arm-none-eabi/9.3.1/../../../../arm-none-eabi/lib/thumb/v7e-m+fp/hard\libc_nano.a(lib_a-exit.o)
                              d:/st/stm32cubeide_1.7.0/stm32cubeide/plugins/com.st.stm32cube.ide.mcu.externaltools.gnu-tools-for-stm32.9-2020-q2-update.win32_2.0.0.202105311346/tools/bin/../lib/gcc/arm-none-eabi/9.3.1/../../../../arm-none-eabi/lib/thumb/v7e-m+fp/hard/crt0.o (exit)
d:/st/stm32cubeide_1.7.0/stm32cubeide/plugins/com.st.stm32cube.ide.mcu.externaltools.gnu-tools-for-stm32.9-2020-q2-update.win32_2.0.0.202105311346/tools/bin/../lib/gcc/arm-none-eabi/9.3.1/../../../../arm-none-eabi/lib/thumb/v7e-m+fp/hard\libc_nano.a(lib_a-impure.o)
                              d:/st/stm32cubeide_1.7.0/stm32cubeide/plugins/com.st.stm32cube.ide.mcu.externaltools.gnu-tools-for-stm32.9-2020-q2-update.win32_2.0.0.202105311346/tools/bin/../lib/gcc/arm-none-eabi/9.3.1/../../../../arm-none-eabi/lib/thumb/v7e-m+fp/hard\libc_nano.a(lib_a-exit.o) (_global_impure_ptr)
d:/st/stm32cubeide_1.7.0/stm32cubeide/plugins/com.st.stm32cube.ide.mcu.externaltools.gnu-tools-for-stm32.9-2020-q2-update.win32_2.0.0.202105311346/tools/bin/../lib/gcc/arm-none-eabi/9.3.1/../../../../arm-none-eabi/lib/thumb/v7e-m+fp/hard\libc_nano.a(lib_a-init.o)
                              d:/st/stm32cubeide_1.7.0/stm32cubeide/plugins/com.st.stm32cube.ide.mcu.externaltools.gnu-tools-for-stm32.9-2020-q2-update.win32_2.0.0.202105311346/tools/bin/../lib/gcc/arm-none-eabi/9.3.1/../../../../arm-none-eabi/lib/thumb/v7e-m+fp/hard/crt0.o (__libc_init_array)
d:/st/stm32cubeide_1.7.0/stm32cubeide/plugins/com.st.stm32cube.ide.mcu.externaltools.gnu-tools-for-stm32.9-2020-q2-update.win32_2.0.0.202105311346/tools/bin/../lib/gcc/arm-none-eabi/9.3.1/../../../../arm-none-eabi/lib/thumb/v7e-m+fp/hard\libc_nano.a(lib_a-memset.o)
                              d:/st/stm32cubeide_1.7.0/stm32cubeide/plugins/com.st.stm32cube.ide.mcu.externaltools.gnu-tools-for-stm32.9-2020-q2-update.win32_2.0.0.202105311346/tools/bin/../lib/gcc/arm-none-eabi/9.3.1/../../../../arm-none-eabi/lib/thumb/v7e-m+fp/hard/crt0.o (memset)

Allocating common symbols
Common symbol       size              file

acc                 0xc               ./Src/main.o
aReceiveBuffer_read
                    0x4               ./Src/i2c.o
mag                 0xc               ./Src/main.o

Discarded input sections

 .text          0x0000000000000000        0x0 d:/st/stm32cubeide_1.7.0/stm32cubeide/plugins/com.st.stm32cube.ide.mcu.externaltools.gnu-tools-for-stm32.9-2020-q2-update.win32_2.0.0.202105311346/tools/bin/../lib/gcc/arm-none-eabi/9.3.1/thumb/v7e-m+fp/hard/crti.o
 .data          0x0000000000000000        0x0 d:/st/stm32cubeide_1.7.0/stm32cubeide/plugins/com.st.stm32cube.ide.mcu.externaltools.gnu-tools-for-stm32.9-2020-q2-update.win32_2.0.0.202105311346/tools/bin/../lib/gcc/arm-none-eabi/9.3.1/thumb/v7e-m+fp/hard/crti.o
 .bss           0x0000000000000000        0x0 d:/st/stm32cubeide_1.7.0/stm32cubeide/plugins/com.st.stm32cube.ide.mcu.externaltools.gnu-tools-for-stm32.9-2020-q2-update.win32_2.0.0.202105311346/tools/bin/../lib/gcc/arm-none-eabi/9.3.1/thumb/v7e-m+fp/hard/crti.o
 .data          0x0000000000000000        0x4 d:/st/stm32cubeide_1.7.0/stm32cubeide/plugins/com.st.stm32cube.ide.mcu.externaltools.gnu-tools-for-stm32.9-2020-q2-update.win32_2.0.0.202105311346/tools/bin/../lib/gcc/arm-none-eabi/9.3.1/thumb/v7e-m+fp/hard/crtbegin.o
 .text          0x0000000000000000       0x7c d:/st/stm32cubeide_1.7.0/stm32cubeide/plugins/com.st.stm32cube.ide.mcu.externaltools.gnu-tools-for-stm32.9-2020-q2-update.win32_2.0.0.202105311346/tools/bin/../lib/gcc/arm-none-eabi/9.3.1/../../../../arm-none-eabi/lib/thumb/v7e-m+fp/hard/crt0.o
 .data          0x0000000000000000        0x0 d:/st/stm32cubeide_1.7.0/stm32cubeide/plugins/com.st.stm32cube.ide.mcu.externaltools.gnu-tools-for-stm32.9-2020-q2-update.win32_2.0.0.202105311346/tools/bin/../lib/gcc/arm-none-eabi/9.3.1/../../../../arm-none-eabi/lib/thumb/v7e-m+fp/hard/crt0.o
 .bss           0x0000000000000000        0x0 d:/st/stm32cubeide_1.7.0/stm32cubeide/plugins/com.st.stm32cube.ide.mcu.externaltools.gnu-tools-for-stm32.9-2020-q2-update.win32_2.0.0.202105311346/tools/bin/../lib/gcc/arm-none-eabi/9.3.1/../../../../arm-none-eabi/lib/thumb/v7e-m+fp/hard/crt0.o
[...]
Memory Configuration

Name             Origin             Length             Attributes
FLASH            0x0000000008000000 0x0000000000010000 xr
CCMRAM           0x0000000010000000 0x0000000000001000 xrw
RAM              0x0000000020000000 0x0000000000003000 xrw
*default*        0x0000000000000000 0xffffffffffffffff

Linker script and memory map

LOAD d:/st/stm32cubeide_1.7.0/stm32cubeide/plugins/com.st.stm32cube.ide.mcu.externaltools.gnu-tools-for-stm32.9-2020-q2-update.win32_2.0.0.202105311346/tools/bin/../lib/gcc/arm-none-eabi/9.3.1/thumb/v7e-m+fp/hard/crti.o
LOAD d:/st/stm32cubeide_1.7.0/stm32cubeide/plugins/com.st.stm32cube.ide.mcu.externaltools.gnu-tools-for-stm32.9-2020-q2-update.win32_2.0.0.202105311346/tools/bin/../lib/gcc/arm-none-eabi/9.3.1/thumb/v7e-m+fp/hard/crtbegin.o
LOAD d:/st/stm32cubeide_1.7.0/stm32cubeide/plugins/com.st.stm32cube.ide.mcu.externaltools.gnu-tools-for-stm32.9-2020-q2-update.win32_2.0.0.202105311346/tools/bin/../lib/gcc/arm-none-eabi/9.3.1/../../../../arm-none-eabi/lib/thumb/v7e-m+fp/hard/crt0.o
LOAD ./Drivers/STM32F3xx_HAL_Driver/Src/stm32f3xx_ll_dma.o
LOAD ./Drivers/STM32F3xx_HAL_Driver/Src/stm32f3xx_ll_exti.o
LOAD ./Drivers/STM32F3xx_HAL_Driver/Src/stm32f3xx_ll_gpio.o
LOAD ./Drivers/STM32F3xx_HAL_Driver/Src/stm32f3xx_ll_i2c.o
LOAD ./Drivers/STM32F3xx_HAL_Driver/Src/stm32f3xx_ll_rcc.o
LOAD ./Drivers/STM32F3xx_HAL_Driver/Src/stm32f3xx_ll_utils.o
LOAD ./Src/gpio.o
LOAD ./Src/i2c.o
LOAD ./Src/main.o
LOAD ./Src/stm32f3xx_it.o
LOAD ./Src/syscalls.o
LOAD ./Src/sysmem.o
LOAD ./Src/system_stm32f3xx.o
LOAD ./Startup/startup_stm32f303k8tx.o
LOAD ./accelerometer/lsm6ds0.o
LOAD ./compass/lis3mdltr.o
START GROUP
LOAD d:/st/stm32cubeide_1.7.0/stm32cubeide/plugins/com.st.stm32cube.ide.mcu.externaltools.gnu-tools-for-stm32.9-2020-q2-update.win32_2.0.0.202105311346/tools/bin/../lib/gcc/arm-none-eabi/9.3.1/../../../../arm-none-eabi/lib/thumb/v7e-m+fp/hard\libc_nano.a
LOAD d:/st/stm32cubeide_1.7.0/stm32cubeide/plugins/com.st.stm32cube.ide.mcu.externaltools.gnu-tools-for-stm32.9-2020-q2-update.win32_2.0.0.202105311346/tools/bin/../lib/gcc/arm-none-eabi/9.3.1/../../../../arm-none-eabi/lib/thumb/v7e-m+fp/hard\libm.a
END GROUP
START GROUP
LOAD d:/st/stm32cubeide_1.7.0/stm32cubeide/plugins/com.st.stm32cube.ide.mcu.externaltools.gnu-tools-for-stm32.9-2020-q2-update.win32_2.0.0.202105311346/tools/bin/../lib/gcc/arm-none-eabi/9.3.1/thumb/v7e-m+fp/hard\libgcc.a
LOAD d:/st/stm32cubeide_1.7.0/stm32cubeide/plugins/com.st.stm32cube.ide.mcu.externaltools.gnu-tools-for-stm32.9-2020-q2-update.win32_2.0.0.202105311346/tools/bin/../lib/gcc/arm-none-eabi/9.3.1/../../../../arm-none-eabi/lib/thumb/v7e-m+fp/hard\libc_nano.a
END GROUP
START GROUP
LOAD d:/st/stm32cubeide_1.7.0/stm32cubeide/plugins/com.st.stm32cube.ide.mcu.externaltools.gnu-tools-for-stm32.9-2020-q2-update.win32_2.0.0.202105311346/tools/bin/../lib/gcc/arm-none-eabi/9.3.1/thumb/v7e-m+fp/hard\libgcc.a
LOAD d:/st/stm32cubeide_1.7.0/stm32cubeide/plugins/com.st.stm32cube.ide.mcu.externaltools.gnu-tools-for-stm32.9-2020-q2-update.win32_2.0.0.202105311346/tools/bin/../lib/gcc/arm-none-eabi/9.3.1/../../../../arm-none-eabi/lib/thumb/v7e-m+fp/hard\libc_nano.a
LOAD d:/st/stm32cubeide_1.7.0/stm32cubeide/plugins/com.st.stm32cube.ide.mcu.externaltools.gnu-tools-for-stm32.9-2020-q2-update.win32_2.0.0.202105311346/tools/bin/../lib/gcc/arm-none-eabi/9.3.1/../../../../arm-none-eabi/lib/thumb/v7e-m+fp/hard\libnosys.a
END GROUP
START GROUP
LOAD d:/st/stm32cubeide_1.7.0/stm32cubeide/plugins/com.st.stm32cube.ide.mcu.externaltools.gnu-tools-for-stm32.9-2020-q2-update.win32_2.0.0.202105311346/tools/bin/../lib/gcc/arm-none-eabi/9.3.1/thumb/v7e-m+fp/hard\libgcc.a
LOAD d:/st/stm32cubeide_1.7.0/stm32cubeide/plugins/com.st.stm32cube.ide.mcu.externaltools.gnu-tools-for-stm32.9-2020-q2-update.win32_2.0.0.202105311346/tools/bin/../lib/gcc/arm-none-eabi/9.3.1/../../../../arm-none-eabi/lib/thumb/v7e-m+fp/hard\libc_nano.a
LOAD d:/st/stm32cubeide_1.7.0/stm32cubeide/plugins/com.st.stm32cube.ide.mcu.externaltools.gnu-tools-for-stm32.9-2020-q2-update.win32_2.0.0.202105311346/tools/bin/../lib/gcc/arm-none-eabi/9.3.1/../../../../arm-none-eabi/lib/thumb/v7e-m+fp/hard\libnosys.a
END GROUP
LOAD d:/st/stm32cubeide_1.7.0/stm32cubeide/plugins/com.st.stm32cube.ide.mcu.externaltools.gnu-tools-for-stm32.9-2020-q2-update.win32_2.0.0.202105311346/tools/bin/../lib/gcc/arm-none-eabi/9.3.1/thumb/v7e-m+fp/hard/crtend.o
LOAD d:/st/stm32cubeide_1.7.0/stm32cubeide/plugins/com.st.stm32cube.ide.mcu.externaltools.gnu-tools-for-stm32.9-2020-q2-update.win32_2.0.0.202105311346/tools/bin/../lib/gcc/arm-none-eabi/9.3.1/thumb/v7e-m+fp/hard/crtn.o
                0x0000000020003000                _estack = 0x20003000
                0x0000000000000200                _Min_Heap_Size = 0x200
                0x0000000000000400                _Min_Stack_Size = 0x400

.isr_vector     0x0000000008000000      0x188
                0x0000000008000000                . = ALIGN (0x4)
 *(.isr_vector)
 .isr_vector    0x0000000008000000      0x188 ./Startup/startup_stm32f303k8tx.o
                0x0000000008000000                g_pfnVectors
                0x0000000008000188                . = ALIGN (0x4)

.text           0x0000000008000188     0x1ba8
                0x0000000008000188                . = ALIGN (0x4)
 *(.text)
 .text          0x0000000008000188       0x40 d:/st/stm32cubeide_1.7.0/stm32cubeide/plugins/com.st.stm32cube.ide.mcu.externaltools.gnu-tools-for-stm32.9-2020-q2-update.win32_2.0.0.202105311346/tools/bin/../lib/gcc/arm-none-eabi/9.3.1/thumb/v7e-m+fp/hard/crtbegin.o
 *(.text*)
 .text.LL_EXTI_EnableIT_0_31
                0x00000000080001c8       0x24 ./Drivers/STM32F3xx_HAL_Driver/Src/stm32f3xx_ll_exti.o
 .text.LL_EXTI_EnableIT_32_63
                0x00000000080001ec       0x24 ./Drivers/STM32F3xx_HAL_Driver/Src/stm32f3xx_ll_exti.o
 .text.LL_EXTI_DisableIT_0_31
                0x0000000008000210       0x28 ./Drivers/STM32F3xx_HAL_Driver/Src/stm32f3xx_ll_exti.o
 .text.LL_EXTI_DisableIT_32_63
                0x0000000008000238       0x28 ./Drivers/STM32F3xx_HAL_Driver/Src/stm32f3xx_ll_exti.o
 .text.LL_EXTI_EnableEvent_0_31
                0x0000000008000260       0x24 ./Drivers/STM32F3xx_HAL_Driver/Src/stm32f3xx_ll_exti.o
 .text.LL_EXTI_EnableEvent_32_63
                0x0000000008000284       0x24 ./Drivers/STM32F3xx_HAL_Driver/Src/stm32f3xx_ll_exti.o
 .text.LL_EXTI_DisableEvent_0_31
                0x00000000080002a8       0x28 ./Drivers/STM32F3xx_HAL_Driver/Src/stm32f3xx_ll_exti.o
 .text.LL_EXTI_DisableEvent_32_63
                0x00000000080002d0       0x28 ./Drivers/STM32F3xx_HAL_Driver/Src/stm32f3xx_ll_exti.o
 .text.LL_EXTI_EnableRisingTrig_0_31
                0x00000000080002f8       0x24 ./Drivers/STM32F3xx_HAL_Driver/Src/stm32f3xx_ll_exti.o
 .text.LL_EXTI_EnableRisingTrig_32_63
                0x000000000800031c       0x24 ./Drivers/STM32F3xx_HAL_Driver/Src/stm32f3xx_ll_exti.o
 .text.LL_EXTI_DisableRisingTrig_0_31
                0x0000000008000340       0x28 ./Drivers/STM32F3xx_HAL_Driver/Src/stm32f3xx_ll_exti.o
 .text.LL_EXTI_DisableRisingTrig_32_63
                0x0000000008000368       0x28 ./Drivers/STM32F3xx_HAL_Driver/Src/stm32f3xx_ll_exti.o
 .text.LL_EXTI_EnableFallingTrig_0_31
                0x0000000008000390       0x24 ./Drivers/STM32F3xx_HAL_Driver/Src/stm32f3xx_ll_exti.o
 .text.LL_EXTI_EnableFallingTrig_32_63
                0x00000000080003b4       0x24 ./Drivers/STM32F3xx_HAL_Driver/Src/stm32f3xx_ll_exti.o
 .text.LL_EXTI_DisableFallingTrig_0_31
                0x00000000080003d8       0x28 ./Drivers/STM32F3xx_HAL_Driver/Src/stm32f3xx_ll_exti.o
 .text.LL_EXTI_DisableFallingTrig_32_63
                0x0000000008000400       0x28 ./Drivers/STM32F3xx_HAL_Driver/Src/stm32f3xx_ll_exti.o
 .text.LL_EXTI_Init
                0x0000000008000428      0x1e6 ./Drivers/STM32F3xx_HAL_Driver/Src/stm32f3xx_ll_exti.o
                0x0000000008000428                LL_EXTI_Init
 .text.LL_GPIO_SetPinMode
                0x000000000800060e       0x5e ./Drivers/STM32F3xx_HAL_Driver/Src/stm32f3xx_ll_gpio.o
 .text.LL_GPIO_SetPinOutputType
                0x000000000800066c       0x30 ./Drivers/STM32F3xx_HAL_Driver/Src/stm32f3xx_ll_gpio.o
 .text.LL_GPIO_SetPinSpeed
                0x000000000800069c       0x5e ./Drivers/STM32F3xx_HAL_Driver/Src/stm32f3xx_ll_gpio.o
 .text.LL_GPIO_SetPinPull
                0x00000000080006fa       0x5e ./Drivers/STM32F3xx_HAL_Driver/Src/stm32f3xx_ll_gpio.o
 .text.LL_GPIO_SetAFPin_0_7
                0x0000000008000758       0x5e ./Drivers/STM32F3xx_HAL_Driver/Src/stm32f3xx_ll_gpio.o
 .text.LL_GPIO_SetAFPin_8_15
                0x00000000080007b6       0x62 ./Drivers/STM32F3xx_HAL_Driver/Src/stm32f3xx_ll_gpio.o
 .text.LL_GPIO_Init
                0x0000000008000818       0xe0 ./Drivers/STM32F3xx_HAL_Driver/Src/stm32f3xx_ll_gpio.o
                0x0000000008000818                LL_GPIO_Init
 .text.LL_I2C_Enable
                0x00000000080008f8       0x20 ./Drivers/STM32F3xx_HAL_Driver/Src/stm32f3xx_ll_i2c.o
 .text.LL_I2C_Disable
                0x0000000008000918       0x20 ./Drivers/STM32F3xx_HAL_Driver/Src/stm32f3xx_ll_i2c.o
 .text.LL_I2C_ConfigFilters
                0x0000000008000938       0x2e ./Drivers/STM32F3xx_HAL_Driver/Src/stm32f3xx_ll_i2c.o
 .text.LL_I2C_SetOwnAddress1
                0x0000000008000966       0x30 ./Drivers/STM32F3xx_HAL_Driver/Src/stm32f3xx_ll_i2c.o
 .text.LL_I2C_EnableOwnAddress1
                0x0000000008000996       0x20 ./Drivers/STM32F3xx_HAL_Driver/Src/stm32f3xx_ll_i2c.o
 .text.LL_I2C_DisableOwnAddress1
                0x00000000080009b6       0x20 ./Drivers/STM32F3xx_HAL_Driver/Src/stm32f3xx_ll_i2c.o
 .text.LL_I2C_SetTiming
                0x00000000080009d6       0x1c ./Drivers/STM32F3xx_HAL_Driver/Src/stm32f3xx_ll_i2c.o
 .text.LL_I2C_SetMode
                0x00000000080009f2       0x26 ./Drivers/STM32F3xx_HAL_Driver/Src/stm32f3xx_ll_i2c.o
 .text.LL_I2C_AcknowledgeNextData
                0x0000000008000a18       0x26 ./Drivers/STM32F3xx_HAL_Driver/Src/stm32f3xx_ll_i2c.o
 .text.LL_I2C_Init
                0x0000000008000a3e       0x78 ./Drivers/STM32F3xx_HAL_Driver/Src/stm32f3xx_ll_i2c.o
                0x0000000008000a3e                LL_I2C_Init
 *fill*         0x0000000008000ab6        0x2 
 .text.LL_InitTick
                0x0000000008000ab8       0x34 ./Drivers/STM32F3xx_HAL_Driver/Src/stm32f3xx_ll_utils.o
 .text.LL_Init1msTick
                0x0000000008000aec       0x1a ./Drivers/STM32F3xx_HAL_Driver/Src/stm32f3xx_ll_utils.o
                0x0000000008000aec                LL_Init1msTick
 *fill*         0x0000000008000b06        0x2 
 .text.LL_mDelay
                0x0000000008000b08       0x4c ./Drivers/STM32F3xx_HAL_Driver/Src/stm32f3xx_ll_utils.o
                0x0000000008000b08                LL_mDelay
 .text.LL_SetSystemCoreClock
                0x0000000008000b54       0x20 ./Drivers/STM32F3xx_HAL_Driver/Src/stm32f3xx_ll_utils.o
                0x0000000008000b54                LL_SetSystemCoreClock
 .text.LL_AHB1_GRP1_EnableClock
                0x0000000008000b74       0x30 ./Src/gpio.o
 .text.LL_SYSCFG_SetEXTISource
                0x0000000008000ba4       0x5c ./Src/gpio.o
 .text.LL_GPIO_SetPinMode
                0x0000000008000c00       0x5e ./Src/gpio.o
 .text.LL_GPIO_SetPinPull
                0x0000000008000c5e       0x5e ./Src/gpio.o
 .text.LL_GPIO_ResetOutputPin
                0x0000000008000cbc       0x1c ./Src/gpio.o
 .text.LED_ON   0x0000000008000cd8       0xf8 ./Src/gpio.o
                0x0000000008000cd8                LED_ON
 .text.LED2_ON  0x0000000008000dd0       0xf8 ./Src/gpio.o
                0x0000000008000dd0                LED2_ON
 .text.MX_GPIO_Init
                0x0000000008000ec8       0xd4 ./Src/gpio.o
                0x0000000008000ec8                MX_GPIO_Init
 .text.__NVIC_GetPriorityGrouping
                0x0000000008000f9c       0x1c ./Src/i2c.o
 .text.__NVIC_EnableIRQ
                0x0000000008000fb8       0x3c ./Src/i2c.o
 .text.__NVIC_SetPriority
                0x0000000008000ff4       0x54 ./Src/i2c.o
 .text.NVIC_EncodePriority
                0x0000000008001048       0x66 ./Src/i2c.o
 .text.LL_I2C_EnableClockStretching
                0x00000000080010ae       0x20 ./Src/i2c.o
 .text.LL_I2C_DisableGeneralCall
                0x00000000080010ce       0x20 ./Src/i2c.o
 .text.LL_I2C_SetOwnAddress2
                0x00000000080010ee       0x30 ./Src/i2c.o
 .text.LL_I2C_DisableOwnAddress2
                0x000000000800111e       0x20 ./Src/i2c.o
 .text.LL_I2C_EnableAutoEndMode
                0x000000000800113e       0x20 ./Src/i2c.o
 *fill*         0x000000000800115e        0x2 
 .text.LL_AHB1_GRP1_EnableClock
                0x0000000008001160       0x30 ./Src/i2c.o
 .text.LL_APB1_GRP1_EnableClock
                0x0000000008001190       0x30 ./Src/i2c.o
 .text.MX_I2C1_Init
                0x00000000080011c0       0xdc ./Src/i2c.o
                0x00000000080011c0                MX_I2C1_Init
 .text.__NVIC_SetPriorityGrouping
                0x000000000800129c       0x48 ./Src/main.o
 .text.LL_RCC_HSI_Enable
                0x00000000080012e4       0x20 ./Src/main.o
 .text.LL_RCC_HSI_IsReady
                0x0000000008001304       0x24 ./Src/main.o
 .text.LL_RCC_HSI_SetCalibTrimming
                0x0000000008001328       0x2c ./Src/main.o
 .text.LL_RCC_SetSysClkSource
                0x0000000008001354       0x28 ./Src/main.o
 .text.LL_RCC_GetSysClkSource
                0x000000000800137c       0x1c ./Src/main.o
 .text.LL_RCC_SetAHBPrescaler
                0x0000000008001398       0x28 ./Src/main.o
 .text.LL_RCC_SetAPB1Prescaler
                0x00000000080013c0       0x28 ./Src/main.o
 .text.LL_RCC_SetAPB2Prescaler
                0x00000000080013e8       0x28 ./Src/main.o
 .text.LL_RCC_SetI2CClockSource
                0x0000000008001410       0x30 ./Src/main.o
 .text.LL_APB1_GRP1_EnableClock
                0x0000000008001440       0x30 ./Src/main.o
 .text.LL_APB2_GRP1_EnableClock
                0x0000000008001470       0x30 ./Src/main.o
 .text.LL_FLASH_SetLatency
                0x00000000080014a0       0x28 ./Src/main.o
 .text.LL_FLASH_GetLatency
                0x00000000080014c8       0x1c ./Src/main.o
 .text.main     0x00000000080014e4       0xf4 ./Src/main.o
                0x00000000080014e4                main
 .text.led      0x00000000080015d8       0xf0 ./Src/main.o
                0x00000000080015d8                led
 .text.display  0x00000000080016c8       0x68 ./Src/main.o
                0x00000000080016c8                display
 .text.SystemClock_Config
                0x0000000008001730       0x6c ./Src/main.o
                0x0000000008001730                SystemClock_Config
 .text.NMI_Handler
                0x000000000800179c        0xe ./Src/stm32f3xx_it.o
                0x000000000800179c                NMI_Handler
 .text.HardFault_Handler
                0x00000000080017aa        0x6 ./Src/stm32f3xx_it.o
                0x00000000080017aa                HardFault_Handler
 .text.MemManage_Handler
                0x00000000080017b0        0x6 ./Src/stm32f3xx_it.o
                0x00000000080017b0                MemManage_Handler
 .text.BusFault_Handler
                0x00000000080017b6        0x6 ./Src/stm32f3xx_it.o
                0x00000000080017b6                BusFault_Handler
 .text.UsageFault_Handler
                0x00000000080017bc        0x6 ./Src/stm32f3xx_it.o
                0x00000000080017bc                UsageFault_Handler
 .text.SVC_Handler
                0x00000000080017c2        0xe ./Src/stm32f3xx_it.o
                0x00000000080017c2                SVC_Handler
 .text.DebugMon_Handler
                0x00000000080017d0        0xe ./Src/stm32f3xx_it.o
                0x00000000080017d0                DebugMon_Handler
 .text.PendSV_Handler
                0x00000000080017de        0xe ./Src/stm32f3xx_it.o
                0x00000000080017de                PendSV_Handler
 .text.SysTick_Handler
                0x00000000080017ec        0xe ./Src/stm32f3xx_it.o
                0x00000000080017ec                SysTick_Handler
 .text.I2C1_EV_IRQHandler
                0x00000000080017fa        0xe ./Src/stm32f3xx_it.o
                0x00000000080017fa                I2C1_EV_IRQHandler
 .text.SystemInit
                0x0000000008001808       0x94 ./Src/system_stm32f3xx.o
                0x0000000008001808                SystemInit
 .text.Reset_Handler
                0x000000000800189c       0x50 ./Startup/startup_stm32f303k8tx.o
                0x000000000800189c                Reset_Handler
 .text.Default_Handler
                0x00000000080018ec        0x2 ./Startup/startup_stm32f303k8tx.o
                0x00000000080018ec                RTC_Alarm_IRQHandler
                0x00000000080018ec                TIM1_CC_IRQHandler
                0x00000000080018ec                PVD_IRQHandler
                0x00000000080018ec                TAMP_STAMP_IRQHandler
                0x00000000080018ec                EXTI3_IRQHandler
                0x00000000080018ec                EXTI0_IRQHandler
                0x00000000080018ec                FPU_IRQHandler
                0x00000000080018ec                CAN_TX_IRQHandler
                0x00000000080018ec                TIM1_UP_TIM16_IRQHandler
                0x00000000080018ec                ADC1_2_IRQHandler
                0x00000000080018ec                SPI1_IRQHandler
                0x00000000080018ec                CAN_SCE_IRQHandler
                0x00000000080018ec                DMA1_Channel4_IRQHandler
                0x00000000080018ec                USART3_IRQHandler
                0x00000000080018ec                DMA1_Channel7_IRQHandler
                0x00000000080018ec                TIM7_DAC2_IRQHandler
                0x00000000080018ec                CAN_RX1_IRQHandler
                0x00000000080018ec                DMA1_Channel6_IRQHandler
                0x00000000080018ec                TIM3_IRQHandler
                0x00000000080018ec                RCC_IRQHandler
                0x00000000080018ec                DMA1_Channel1_IRQHandler
                0x00000000080018ec                Default_Handler
                0x00000000080018ec                EXTI15_10_IRQHandler
                0x00000000080018ec                COMP2_IRQHandler
                0x00000000080018ec                TIM6_DAC1_IRQHandler
                0x00000000080018ec                EXTI9_5_IRQHandler
                0x00000000080018ec                RTC_WKUP_IRQHandler
                0x00000000080018ec                DMA1_Channel5_IRQHandler
                0x00000000080018ec                EXTI4_IRQHandler
                0x00000000080018ec                TIM1_TRG_COM_TIM17_IRQHandler
                0x00000000080018ec                DMA1_Channel3_IRQHandler
                0x00000000080018ec                WWDG_IRQHandler
                0x00000000080018ec                TIM2_IRQHandler
                0x00000000080018ec                EXTI1_IRQHandler
                0x00000000080018ec                COMP4_6_IRQHandler
                0x00000000080018ec                USART2_IRQHandler
                0x00000000080018ec                DMA1_Channel2_IRQHandler
                0x00000000080018ec                FLASH_IRQHandler
                0x00000000080018ec                USART1_IRQHandler
                0x00000000080018ec                CAN_RX0_IRQHandler
                0x00000000080018ec                I2C1_ER_IRQHandler
                0x00000000080018ec                EXTI2_TSC_IRQHandler
                0x00000000080018ec                TIM1_BRK_TIM15_IRQHandler
 *fill*         0x00000000080018ee        0x2 
 .text.lsm6ds0_read_byte
                0x00000000080018f0       0x38 ./accelerometer/lsm6ds0.o
                0x00000000080018f0                lsm6ds0_read_byte
 .text.lsm6ds0_write_byte
                0x0000000008001928       0x2c ./accelerometer/lsm6ds0.o
                0x0000000008001928                lsm6ds0_write_byte
 .text.lsm6ds0_readArray
                0x0000000008001954       0x34 ./accelerometer/lsm6ds0.o
                0x0000000008001954                lsm6ds0_readArray
 .text.lsm6ds0_get_acc
                0x0000000008001988       0xc4 ./accelerometer/lsm6ds0.o
                0x0000000008001988                lsm6ds0_get_acc
 .text.lsm6ds0_init
                0x0000000008001a4c       0x64 ./accelerometer/lsm6ds0.o
                0x0000000008001a4c                lsm6ds0_init
 .text.lis3mdl_read_byte
                0x0000000008001ab0       0x38 ./compass/lis3mdltr.o
                0x0000000008001ab0                lis3mdl_read_byte
 .text.lis3mdl_write_byte
                0x0000000008001ae8       0x2c ./compass/lis3mdltr.o
                0x0000000008001ae8                lis3mdl_write_byte
 .text.lis3mdl_readArray
                0x0000000008001b14       0x34 ./compass/lis3mdltr.o
                0x0000000008001b14                lis3mdl_readArray
 .text.lis3mdl_get_temp
                0x0000000008001b48       0x34 ./compass/lis3mdltr.o
                0x0000000008001b48                lis3mdl_get_temp
 .text.lis3mdl_get_mag
                0x0000000008001b7c       0xc4 ./compass/lis3mdltr.o
                0x0000000008001b7c                lis3mdl_get_mag
 .text.lis3mdl_init
                0x0000000008001c40       0x90 ./compass/lis3mdltr.o
                0x0000000008001c40                lis3mdl_init
 .text.__libc_init_array
                0x0000000008001cd0       0x48 d:/st/stm32cubeide_1.7.0/stm32cubeide/plugins/com.st.stm32cube.ide.mcu.externaltools.gnu-tools-for-stm32.9-2020-q2-update.win32_2.0.0.202105311346/tools/bin/../lib/gcc/arm-none-eabi/9.3.1/../../../../arm-none-eabi/lib/thumb/v7e-m+fp/hard\libc_nano.a(lib_a-init.o)
                0x0000000008001cd0                __libc_init_array
 *(.glue_7)
 .glue_7        0x0000000008001d18        0x0 linker stubs
 *(.glue_7t)
 .glue_7t       0x0000000008001d18        0x0 linker stubs
 *(.eh_frame)
 .eh_frame      0x0000000008001d18        0x0 d:/st/stm32cubeide_1.7.0/stm32cubeide/plugins/com.st.stm32cube.ide.mcu.externaltools.gnu-tools-for-stm32.9-2020-q2-update.win32_2.0.0.202105311346/tools/bin/../lib/gcc/arm-none-eabi/9.3.1/thumb/v7e-m+fp/hard/crtbegin.o
 *(.init)
 .init          0x0000000008001d18        0x4 d:/st/stm32cubeide_1.7.0/stm32cubeide/plugins/com.st.stm32cube.ide.mcu.externaltools.gnu-tools-for-stm32.9-2020-q2-update.win32_2.0.0.202105311346/tools/bin/../lib/gcc/arm-none-eabi/9.3.1/thumb/v7e-m+fp/hard/crti.o
                0x0000000008001d18                _init
 .init          0x0000000008001d1c        0x8 d:/st/stm32cubeide_1.7.0/stm32cubeide/plugins/com.st.stm32cube.ide.mcu.externaltools.gnu-tools-for-stm32.9-2020-q2-update.win32_2.0.0.202105311346/tools/bin/../lib/gcc/arm-none-eabi/9.3.1/thumb/v7e-m+fp/hard/crtn.o
 *(.fini)
 .fini          0x0000000008001d24        0x4 d:/st/stm32cubeide_1.7.0/stm32cubeide/plugins/com.st.stm32cube.ide.mcu.externaltools.gnu-tools-for-stm32.9-2020-q2-update.win32_2.0.0.202105311346/tools/bin/../lib/gcc/arm-none-eabi/9.3.1/thumb/v7e-m+fp/hard/crti.o
                0x0000000008001d24                _fini
 .fini          0x0000000008001d28        0x8 d:/st/stm32cubeide_1.7.0/stm32cubeide/plugins/com.st.stm32cube.ide.mcu.externaltools.gnu-tools-for-stm32.9-2020-q2-update.win32_2.0.0.202105311346/tools/bin/../lib/gcc/arm-none-eabi/9.3.1/thumb/v7e-m+fp/hard/crtn.o
                0x0000000008001d30                . = ALIGN (0x4)
                0x0000000008001d30                _etext = .

.vfp11_veneer   0x0000000008001d30        0x0
 .vfp11_veneer  0x0000000008001d30        0x0 linker stubs

.v4_bx          0x0000000008001d30        0x0
 .v4_bx         0x0000000008001d30        0x0 linker stubs

.iplt           0x0000000008001d30        0x0
 .iplt          0x0000000008001d30        0x0 d:/st/stm32cubeide_1.7.0/stm32cubeide/plugins/com.st.stm32cube.ide.mcu.externaltools.gnu-tools-for-stm32.9-2020-q2-update.win32_2.0.0.202105311346/tools/bin/../lib/gcc/arm-none-eabi/9.3.1/thumb/v7e-m+fp/hard/crtbegin.o

.rel.dyn        0x0000000008001d30        0x0
 .rel.iplt      0x0000000008001d30        0x0 d:/st/stm32cubeide_1.7.0/stm32cubeide/plugins/com.st.stm32cube.ide.mcu.externaltools.gnu-tools-for-stm32.9-2020-q2-update.win32_2.0.0.202105311346/tools/bin/../lib/gcc/arm-none-eabi/9.3.1/thumb/v7e-m+fp/hard/crtbegin.o

.rodata         0x0000000008001d30        0x0
                0x0000000008001d30                . = ALIGN (0x4)
 *(.rodata)
 *(.rodata*)
                0x0000000008001d30                . = ALIGN (0x4)

.ARM.extab      0x0000000008001d30        0x0
                0x0000000008001d30                . = ALIGN (0x4)
 *(.ARM.extab* .gnu.linkonce.armextab.*)
                0x0000000008001d30                . = ALIGN (0x4)

.ARM            0x0000000008001d30        0x0
                0x0000000008001d30                . = ALIGN (0x4)
                0x0000000008001d30                __exidx_start = .
 *(.ARM.exidx*)
                0x0000000008001d30                __exidx_end = .
                0x0000000008001d30                . = ALIGN (0x4)

.preinit_array  0x0000000008001d30        0x0
                0x0000000008001d30                . = ALIGN (0x4)
                0x0000000008001d30                PROVIDE (__preinit_array_start = .)
 *(.preinit_array*)
                0x0000000008001d30                PROVIDE (__preinit_array_end = .)
                0x0000000008001d30                . = ALIGN (0x4)

.init_array     0x0000000008001d30        0x4
                0x0000000008001d30                . = ALIGN (0x4)
                0x0000000008001d30                PROVIDE (__init_array_start = .)
 *(SORT_BY_NAME(.init_array.*))
 *(.init_array*)
 .init_array    0x0000000008001d30        0x4 d:/st/stm32cubeide_1.7.0/stm32cubeide/plugins/com.st.stm32cube.ide.mcu.externaltools.gnu-tools-for-stm32.9-2020-q2-update.win32_2.0.0.202105311346/tools/bin/../lib/gcc/arm-none-eabi/9.3.1/thumb/v7e-m+fp/hard/crtbegin.o
                0x0000000008001d34                PROVIDE (__init_array_end = .)
                0x0000000008001d34                . = ALIGN (0x4)

.fini_array     0x0000000008001d34        0x4
                0x0000000008001d34                . = ALIGN (0x4)
                [!provide]                        PROVIDE (__fini_array_start = .)
 *(SORT_BY_NAME(.fini_array.*))
 *(.fini_array*)
 .fini_array    0x0000000008001d34        0x4 d:/st/stm32cubeide_1.7.0/stm32cubeide/plugins/com.st.stm32cube.ide.mcu.externaltools.gnu-tools-for-stm32.9-2020-q2-update.win32_2.0.0.202105311346/tools/bin/../lib/gcc/arm-none-eabi/9.3.1/thumb/v7e-m+fp/hard/crtbegin.o
                [!provide]                        PROVIDE (__fini_array_end = .)
                0x0000000008001d38                . = ALIGN (0x4)
                0x0000000008001d38                _sidata = LOADADDR (.data)

.data           0x0000000020000000        0x8 load address 0x0000000008001d38
                0x0000000020000000                . = ALIGN (0x4)
                0x0000000020000000                _sdata = .
 *(.data)
 *(.data*)
 .data.SystemCoreClock
                0x0000000020000000        0x4 ./Src/system_stm32f3xx.o
                0x0000000020000000                SystemCoreClock
 .data.addres   0x0000000020000004        0x1 ./accelerometer/lsm6ds0.o
                0x0000000020000004                addres
 .data.sLIS3MDLI2Caddress
                0x0000000020000005        0x1 ./compass/lis3mdltr.o
                0x0000000020000008                . = ALIGN (0x4)
 *fill*         0x0000000020000006        0x2 
                0x0000000020000008                _edata = .

.igot.plt       0x0000000020000008        0x0 load address 0x0000000008001d40
 .igot.plt      0x0000000020000008        0x0 d:/st/stm32cubeide_1.7.0/stm32cubeide/plugins/com.st.stm32cube.ide.mcu.externaltools.gnu-tools-for-stm32.9-2020-q2-update.win32_2.0.0.202105311346/tools/bin/../lib/gcc/arm-none-eabi/9.3.1/thumb/v7e-m+fp/hard/crtbegin.o
                0x0000000020000008                . = ALIGN (0x4)

.bss            0x0000000020000008       0x38 load address 0x0000000008001d40
                0x0000000020000008                _sbss = .
                0x0000000020000008                __bss_start__ = _sbss
 *(.bss)
 .bss           0x0000000020000008       0x1c d:/st/stm32cubeide_1.7.0/stm32cubeide/plugins/com.st.stm32cube.ide.mcu.externaltools.gnu-tools-for-stm32.9-2020-q2-update.win32_2.0.0.202105311346/tools/bin/../lib/gcc/arm-none-eabi/9.3.1/thumb/v7e-m+fp/hard/crtbegin.o
 *(.bss*)
 .bss.temp      0x0000000020000024        0x1 ./Src/main.o
                0x0000000020000024                temp
 .bss.count     0x0000000020000025        0x1 ./Src/main.o
                0x0000000020000025                count
 *(COMMON)
 *fill*         0x0000000020000026        0x2 
 COMMON         0x0000000020000028       0x18 ./Src/main.o
                0x0000000020000028                acc
                0x0000000020000034                mag
                0x0000000020000040                . = ALIGN (0x4)
                0x0000000020000040                _ebss = .
                0x0000000020000040                __bss_end__ = _ebss

._user_heap_stack
                0x0000000020000040      0x600 load address 0x0000000008001d40
                0x0000000020000040                . = ALIGN (0x8)
                0x0000000020000040                PROVIDE (end = .)
                [!provide]                        PROVIDE (_end = .)
                0x0000000020000240                . = (. + _Min_Heap_Size)
 *fill*         0x0000000020000040      0x200 
                0x0000000020000640                . = (. + _Min_Stack_Size)
 *fill*         0x0000000020000240      0x400 
                0x0000000020000640                . = ALIGN (0x8)

/DISCARD/
 libc.a(*)
 libm.a(*)
 libgcc.a(*)

.ARM.attributes
                0x0000000000000000       0x30
 *(.ARM.attributes)
 .ARM.attributes
                0x0000000000000000       0x1e d:/st/stm32cubeide_1.7.0/stm32cubeide/plugins/com.st.stm32cube.ide.mcu.externaltools.gnu-tools-for-stm32.9-2020-q2-update.win32_2.0.0.202105311346/tools/bin/../lib/gcc/arm-none-eabi/9.3.1/thumb/v7e-m+fp/hard/crti.o
 .ARM.attributes
                0x000000000000001e       0x34 d:/st/stm32cubeide_1.7.0/stm32cubeide/plugins/com.st.stm32cube.ide.mcu.externaltools.gnu-tools-for-stm32.9-2020-q2-update.win32_2.0.0.202105311346/tools/bin/../lib/gcc/arm-none-eabi/9.3.1/thumb/v7e-m+fp/hard/crtbegin.o
 .ARM.attributes
                0x0000000000000052       0x34 ./Drivers/STM32F3xx_HAL_Driver/Src/stm32f3xx_ll_exti.o
 .ARM.attributes
                0x0000000000000086       0x34 ./Drivers/STM32F3xx_HAL_Driver/Src/stm32f3xx_ll_gpio.o
 .ARM.attributes
                0x00000000000000ba       0x34 ./Drivers/STM32F3xx_HAL_Driver/Src/stm32f3xx_ll_i2c.o
 .ARM.attributes
                0x00000000000000ee       0x34 ./Drivers/STM32F3xx_HAL_Driver/Src/stm32f3xx_ll_utils.o
 .ARM.attributes
                0x0000000000000122       0x34 ./Src/gpio.o
 .ARM.attributes
                0x0000000000000156       0x34 ./Src/i2c.o
 .ARM.attributes
                0x000000000000018a       0x34 ./Src/main.o
 .ARM.attributes
                0x00000000000001be       0x34 ./Src/stm32f3xx_it.o
 .ARM.attributes
                0x00000000000001f2       0x34 ./Src/system_stm32f3xx.o
 .ARM.attributes
                0x0000000000000226       0x21 ./Startup/startup_stm32f303k8tx.o
 .ARM.attributes
                0x0000000000000247       0x34 ./accelerometer/lsm6ds0.o
 .ARM.attributes
                0x000000000000027b       0x34 ./compass/lis3mdltr.o
 .ARM.attributes
                0x00000000000002af       0x34 d:/st/stm32cubeide_1.7.0/stm32cubeide/plugins/com.st.stm32cube.ide.mcu.externaltools.gnu-tools-for-stm32.9-2020-q2-update.win32_2.0.0.202105311346/tools/bin/../lib/gcc/arm-none-eabi/9.3.1/../../../../arm-none-eabi/lib/thumb/v7e-m+fp/hard\libc_nano.a(lib_a-init.o)
 .ARM.attributes
                0x00000000000002e3       0x1e d:/st/stm32cubeide_1.7.0/stm32cubeide/plugins/com.st.stm32cube.ide.mcu.externaltools.gnu-tools-for-stm32.9-2020-q2-update.win32_2.0.0.202105311346/tools/bin/../lib/gcc/arm-none-eabi/9.3.1/thumb/v7e-m+fp/hard/crtn.o
OUTPUT(i2c_comm.elf elf32-littlearm)
LOAD linker stubs
LOAD d:/st/stm32cubeide_1.7.0/stm32cubeide/plugins/com.st.stm32cube.ide.mcu.externaltools.gnu-tools-for-stm32.9-2020-q2-update.win32_2.0.0.202105311346/tools/bin/../lib/gcc/arm-none-eabi/9.3.1/../../../../arm-none-eabi/lib/thumb/v7e-m+fp/hard\libc.a
LOAD d:/st/stm32cubeide_1.7.0/stm32cubeide/plugins/com.st.stm32cube.ide.mcu.externaltools.gnu-tools-for-stm32.9-2020-q2-update.win32_2.0.0.202105311346/tools/bin/../lib/gcc/arm-none-eabi/9.3.1/../../../../arm-none-eabi/lib/thumb/v7e-m+fp/hard\libm.a
LOAD d:/st/stm32cubeide_1.7.0/stm32cubeide/plugins/com.st.stm32cube.ide.mcu.externaltools.gnu-tools-for-stm32.9-2020-q2-update.win32_2.0.0.202105311346/tools/bin/../lib/gcc/arm-none-eabi/9.3.1/thumb/v7e-m+fp/hard\libgcc.a

.debug_info     0x0000000000000000     0x44df
 .debug_info    0x0000000000000000      0x59b ./Drivers/STM32F3xx_HAL_Driver/Src/stm32f3xx_ll_exti.o
 .debug_info    0x000000000000059b      0x7ce ./Drivers/STM32F3xx_HAL_Driver/Src/stm32f3xx_ll_gpio.o
 .debug_info    0x0000000000000d69      0x601 ./Drivers/STM32F3xx_HAL_Driver/Src/stm32f3xx_ll_i2c.o
 .debug_info    0x000000000000136a      0x895 ./Drivers/STM32F3xx_HAL_Driver/Src/stm32f3xx_ll_utils.o
 .debug_info    0x0000000000001bff      0x774 ./Src/gpio.o
 .debug_info    0x0000000000002373      0xb58 ./Src/i2c.o
 .debug_info    0x0000000000002ecb      0x814 ./Src/main.o
 .debug_info    0x00000000000036df      0x1f8 ./Src/stm32f3xx_it.o
 .debug_info    0x00000000000038d7      0x439 ./Src/system_stm32f3xx.o
 .debug_info    0x0000000000003d10       0x22 ./Startup/startup_stm32f303k8tx.o
 .debug_info    0x0000000000003d32      0x3a1 ./accelerometer/lsm6ds0.o
 .debug_info    0x00000000000040d3      0x40c ./compass/lis3mdltr.o

.debug_abbrev   0x0000000000000000     0x13b9
 .debug_abbrev  0x0000000000000000      0x1c2 ./Drivers/STM32F3xx_HAL_Driver/Src/stm32f3xx_ll_exti.o
 .debug_abbrev  0x00000000000001c2      0x23b ./Drivers/STM32F3xx_HAL_Driver/Src/stm32f3xx_ll_gpio.o
 .debug_abbrev  0x00000000000003fd      0x1a6 ./Drivers/STM32F3xx_HAL_Driver/Src/stm32f3xx_ll_i2c.o
 .debug_abbrev  0x00000000000005a3      0x2c2 ./Drivers/STM32F3xx_HAL_Driver/Src/stm32f3xx_ll_utils.o
 .debug_abbrev  0x0000000000000865      0x226 ./Src/gpio.o
 .debug_abbrev  0x0000000000000a8b      0x20d ./Src/i2c.o
 .debug_abbrev  0x0000000000000c98      0x261 ./Src/main.o
 .debug_abbrev  0x0000000000000ef9       0xad ./Src/stm32f3xx_it.o
 .debug_abbrev  0x0000000000000fa6      0x129 ./Src/system_stm32f3xx.o
 .debug_abbrev  0x00000000000010cf       0x12 ./Startup/startup_stm32f303k8tx.o
 .debug_abbrev  0x00000000000010e1      0x16c ./accelerometer/lsm6ds0.o
 .debug_abbrev  0x000000000000124d      0x16c ./compass/lis3mdltr.o

.debug_aranges  0x0000000000000000      0x560
 .debug_aranges
                0x0000000000000000       0xb0 ./Drivers/STM32F3xx_HAL_Driver/Src/stm32f3xx_ll_exti.o
 .debug_aranges
                0x00000000000000b0       0x70 ./Drivers/STM32F3xx_HAL_Driver/Src/stm32f3xx_ll_gpio.o
 .debug_aranges
                0x0000000000000120       0x88 ./Drivers/STM32F3xx_HAL_Driver/Src/stm32f3xx_ll_i2c.o
 .debug_aranges
                0x00000000000001a8       0xf0 ./Drivers/STM32F3xx_HAL_Driver/Src/stm32f3xx_ll_utils.o
 .debug_aranges
                0x0000000000000298       0x58 ./Src/gpio.o
 .debug_aranges
                0x00000000000002f0       0x78 ./Src/i2c.o
 .debug_aranges
                0x0000000000000368       0xb0 ./Src/main.o
 .debug_aranges
                0x0000000000000418       0x68 ./Src/stm32f3xx_it.o
 .debug_aranges
                0x0000000000000480       0x28 ./Src/system_stm32f3xx.o
 .debug_aranges
                0x00000000000004a8       0x28 ./Startup/startup_stm32f303k8tx.o
 .debug_aranges
                0x00000000000004d0       0x48 ./accelerometer/lsm6ds0.o
 .debug_aranges
                0x0000000000000518       0x48 ./compass/lis3mdltr.o

.debug_ranges   0x0000000000000000      0x4a8
 .debug_ranges  0x0000000000000000       0xa0 ./Drivers/STM32F3xx_HAL_Driver/Src/stm32f3xx_ll_exti.o
 .debug_ranges  0x00000000000000a0       0x60 ./Drivers/STM32F3xx_HAL_Driver/Src/stm32f3xx_ll_gpio.o
 .debug_ranges  0x0000000000000100       0x78 ./Drivers/STM32F3xx_HAL_Driver/Src/stm32f3xx_ll_i2c.o
 .debug_ranges  0x0000000000000178       0xe0 ./Drivers/STM32F3xx_HAL_Driver/Src/stm32f3xx_ll_utils.o
 .debug_ranges  0x0000000000000258       0x48 ./Src/gpio.o
 .debug_ranges  0x00000000000002a0       0x68 ./Src/i2c.o
 .debug_ranges  0x0000000000000308       0xa0 ./Src/main.o
 .debug_ranges  0x00000000000003a8       0x58 ./Src/stm32f3xx_it.o
 .debug_ranges  0x0000000000000400       0x18 ./Src/system_stm32f3xx.o
 .debug_ranges  0x0000000000000418       0x20 ./Startup/startup_stm32f303k8tx.o
 .debug_ranges  0x0000000000000438       0x38 ./accelerometer/lsm6ds0.o
 .debug_ranges  0x0000000000000470       0x38 ./compass/lis3mdltr.o

.debug_macro    0x0000000000000000     0x2291
 .debug_macro   0x0000000000000000       0xea ./Drivers/STM32F3xx_HAL_Driver/Src/stm32f3xx_ll_exti.o
 .debug_macro   0x00000000000000ea       0xf8 ./Drivers/STM32F3xx_HAL_Driver/Src/stm32f3xx_ll_exti.o
 .debug_macro   0x00000000000001e2       0xff ./Drivers/STM32F3xx_HAL_Driver/Src/stm32f3xx_ll_gpio.o
 .debug_macro   0x00000000000002e1      0x13c ./Drivers/STM32F3xx_HAL_Driver/Src/stm32f3xx_ll_gpio.o
 .debug_macro   0x000000000000041d       0xff ./Drivers/STM32F3xx_HAL_Driver/Src/stm32f3xx_ll_i2c.o
 .debug_macro   0x000000000000051c      0x248 ./Drivers/STM32F3xx_HAL_Driver/Src/stm32f3xx_ll_i2c.o
 .debug_macro   0x0000000000000764      0x13b ./Drivers/STM32F3xx_HAL_Driver/Src/stm32f3xx_ll_utils.o
 .debug_macro   0x000000000000089f       0x30 ./Drivers/STM32F3xx_HAL_Driver/Src/stm32f3xx_ll_utils.o
 .debug_macro   0x00000000000008cf      0x29f ./Drivers/STM32F3xx_HAL_Driver/Src/stm32f3xx_ll_utils.o
 .debug_macro   0x0000000000000b6e       0xa8 ./Drivers/STM32F3xx_HAL_Driver/Src/stm32f3xx_ll_utils.o
 .debug_macro   0x0000000000000c16      0x136 ./Src/gpio.o
 .debug_macro   0x0000000000000d4c      0x4c2 ./Src/gpio.o
 .debug_macro   0x000000000000120e       0xfe ./Src/gpio.o
 .debug_macro   0x000000000000130c       0x28 ./Src/gpio.o
 .debug_macro   0x0000000000001334      0x287 ./Src/gpio.o
 .debug_macro   0x00000000000015bb      0x142 ./Src/gpio.o
 .debug_macro   0x00000000000016fd       0x9c ./Src/gpio.o
 .debug_macro   0x0000000000001799      0x136 ./Src/i2c.o
 .debug_macro   0x00000000000018cf      0x156 ./Src/main.o
 .debug_macro   0x0000000000001a25      0x3ad ./Src/main.o
 .debug_macro   0x0000000000001dd2       0x3a ./Src/main.o
 .debug_macro   0x0000000000001e0c      0x136 ./Src/stm32f3xx_it.o
 .debug_macro   0x0000000000001f42       0xc3 ./Src/system_stm32f3xx.o
 .debug_macro   0x0000000000002005      0x143 ./accelerometer/lsm6ds0.o
 .debug_macro   0x0000000000002148      0x149 ./compass/lis3mdltr.o

.debug_line     0x0000000000000000     0x4dd2
 .debug_line    0x0000000000000000      0x703 ./Drivers/STM32F3xx_HAL_Driver/Src/stm32f3xx_ll_exti.o
 .debug_line    0x0000000000000703      0x73a ./Drivers/STM32F3xx_HAL_Driver/Src/stm32f3xx_ll_gpio.o
 .debug_line    0x0000000000000e3d      0x62c ./Drivers/STM32F3xx_HAL_Driver/Src/stm32f3xx_ll_i2c.o
 .debug_line    0x0000000000001469      0x913 ./Drivers/STM32F3xx_HAL_Driver/Src/stm32f3xx_ll_utils.o
 .debug_line    0x0000000000001d7c      0x7e1 ./Src/gpio.o
 .debug_line    0x000000000000255d      0x744 ./Src/i2c.o
 .debug_line    0x0000000000002ca1      0x890 ./Src/main.o
 .debug_line    0x0000000000003531      0x638 ./Src/stm32f3xx_it.o
 .debug_line    0x0000000000003b69      0x4f0 ./Src/system_stm32f3xx.o
 .debug_line    0x0000000000004059       0x81 ./Startup/startup_stm32f303k8tx.o
 .debug_line    0x00000000000040da      0x671 ./accelerometer/lsm6ds0.o
 .debug_line    0x000000000000474b      0x687 ./compass/lis3mdltr.o

.debug_str      0x0000000000000000    0x70b26
 .debug_str     0x0000000000000000    0x65eb6 ./Drivers/STM32F3xx_HAL_Driver/Src/stm32f3xx_ll_exti.o
                                      0x66046 (size before relaxing)
 .debug_str     0x0000000000065eb6     0x1413 ./Drivers/STM32F3xx_HAL_Driver/Src/stm32f3xx_ll_gpio.o
                                      0x66a75 (size before relaxing)
 .debug_str     0x00000000000672c9     0x144f ./Drivers/STM32F3xx_HAL_Driver/Src/stm32f3xx_ll_i2c.o
                                      0x670d7 (size before relaxing)
 .debug_str     0x0000000000068718     0x5064 ./Drivers/STM32F3xx_HAL_Driver/Src/stm32f3xx_ll_utils.o
                                      0x6a747 (size before relaxing)
 .debug_str     0x000000000006d77c     0x1909 ./Src/gpio.o
                                      0x6d4dd (size before relaxing)
 .debug_str     0x000000000006f085      0x450 ./Src/i2c.o
                                      0x6d93d (size before relaxing)
 .debug_str     0x000000000006f4d5     0x12ea ./Src/main.o
                                      0x6e74e (size before relaxing)
 .debug_str     0x00000000000707bf       0xcb ./Src/stm32f3xx_it.o
                                      0x6d2ed (size before relaxing)
 .debug_str     0x000000000007088a       0x6e ./Src/system_stm32f3xx.o
                                      0x65721 (size before relaxing)
 .debug_str     0x00000000000708f8       0x31 ./Startup/startup_stm32f303k8tx.o
                                         0x6e (size before relaxing)
 .debug_str     0x0000000000070929       0xe1 ./accelerometer/lsm6ds0.o
                                      0x6d438 (size before relaxing)
 .debug_str     0x0000000000070a0a      0x11c ./compass/lis3mdltr.o
                                      0x6e515 (size before relaxing)

.comment        0x0000000000000000       0x53
 .comment       0x0000000000000000       0x53 ./Drivers/STM32F3xx_HAL_Driver/Src/stm32f3xx_ll_exti.o
                                         0x54 (size before relaxing)
 .comment       0x0000000000000053       0x54 ./Drivers/STM32F3xx_HAL_Driver/Src/stm32f3xx_ll_gpio.o
 .comment       0x0000000000000053       0x54 ./Drivers/STM32F3xx_HAL_Driver/Src/stm32f3xx_ll_i2c.o
 .comment       0x0000000000000053       0x54 ./Drivers/STM32F3xx_HAL_Driver/Src/stm32f3xx_ll_utils.o
 .comment       0x0000000000000053       0x54 ./Src/gpio.o
 .comment       0x0000000000000053       0x54 ./Src/i2c.o
 .comment       0x0000000000000053       0x54 ./Src/main.o
 .comment       0x0000000000000053       0x54 ./Src/stm32f3xx_it.o
 .comment       0x0000000000000053       0x54 ./Src/system_stm32f3xx.o
 .comment       0x0000000000000053       0x54 ./accelerometer/lsm6ds0.o
 .comment       0x0000000000000053       0x54 ./compass/lis3mdltr.o

.debug_frame    0x0000000000000000     0x1448
 .debug_frame   0x0000000000000000      0x2fc ./Drivers/STM32F3xx_HAL_Driver/Src/stm32f3xx_ll_exti.o
 .debug_frame   0x00000000000002fc      0x1c0 ./Drivers/STM32F3xx_HAL_Driver/Src/stm32f3xx_ll_gpio.o
 .debug_frame   0x00000000000004bc      0x238 ./Drivers/STM32F3xx_HAL_Driver/Src/stm32f3xx_ll_i2c.o
 .debug_frame   0x00000000000006f4      0x3dc ./Drivers/STM32F3xx_HAL_Driver/Src/stm32f3xx_ll_utils.o
 .debug_frame   0x0000000000000ad0      0x14c ./Src/gpio.o
 .debug_frame   0x0000000000000c1c      0x1e4 ./Src/i2c.o
 .debug_frame   0x0000000000000e00      0x2c4 ./Src/main.o
 .debug_frame   0x00000000000010c4      0x130 ./Src/stm32f3xx_it.o
 .debug_frame   0x00000000000011f4       0x58 ./Src/system_stm32f3xx.o
 .debug_frame   0x000000000000124c       0xe8 ./accelerometer/lsm6ds0.o
 .debug_frame   0x0000000000001334       0xe8 ./compass/lis3mdltr.o
 .debug_frame   0x000000000000141c       0x2c d:/st/stm32cubeide_1.7.0/stm32cubeide/plugins/com.st.stm32cube.ide.mcu.externaltools.gnu-tools-for-stm32.9-2020-q2-update.win32_2.0.0.202105311346/tools/bin/../lib/gcc/arm-none-eabi/9.3.1/../../../../arm-none-eabi/lib/thumb/v7e-m+fp/hard\libc_nano.a(lib_a-init.o)
